<html>
<body>
<pre>
<h1>µVision Build Log</h1>
<h2>Tool Versions:</h2>
IDE-Version: ¦ÌVision V5.38.0.0
Copyright (C) 2022 ARM Ltd and ARM Germany GmbH. All rights reserved.
License Information: nie Lenovo, mycomputer, LIC=UJWP0-B8PX4-PC4J8-33LWG-8XHRU-E7U4Y
 
Tool Versions:
Toolchain:       MDK-ARM Plus  Version: 5.38.0.0
Toolchain Path:  D:\IDE\Keil_v5\ARM\ARMCC\Bin
C Compiler:      Armcc.exe V5.06 update 6 (build 750)
Assembler:       Armasm.exe V5.06 update 6 (build 750)
Linker/Locator:  ArmLink.exe V5.06 update 6 (build 750)
Library Manager: ArmAr.exe V5.06 update 6 (build 750)
Hex Converter:   FromElf.exe V5.06 update 6 (build 750)
CPU DLL:         SARMCM3.DLL V5.38.0.0
Dialog DLL:      DCM.DLL V1.17.5.0
Target DLL:      STLink\ST-LINKIII-KEIL_SWO.dll V3.0.8.0
Dialog DLL:      TCM.DLL V1.56.4.0
 
<h2>Project:</h2>
D:\Stm32_Code\stm32_test\Project.uvprojx
Project File Date:  06/14/2023

<h2>Output:</h2>
*** Using Compiler 'V5.06 update 6 (build 750)', folder: 'D:\IDE\Keil_v5\ARM\ARMCC\Bin'
Build target 'Target 1'
compiling main.c...
User\motor_1.h(41): warning:  #1295-D: Deprecated declaration straight_run - give arg types
  void straight_run();
User\motor_1.h(42): warning:  #1295-D: Deprecated declaration back - give arg types
  void back();
User\motor_1.h(43): warning:  #1295-D: Deprecated declaration P_right - give arg types
  void P_right();
User\motor_1.h(44): warning:  #1295-D: Deprecated declaration P_left - give arg types
  void P_left();
User\motor_1.h(45): warning:  #1295-D: Deprecated declaration N_right - give arg types
  void N_right();
User\motor_1.h(46): warning:  #1295-D: Deprecated declaration N_left - give arg types
  void N_left();
User\motor_1.h(47): warning:  #1295-D: Deprecated declaration stop - give arg types
  void stop();
User\motor_1.h(48): warning:  #1295-D: Deprecated declaration back_into_garage - give arg types
  void back_into_garage();
User\motor_1.h(49): warning:  #1295-D: Deprecated declaration back_into_garage_2 - give arg types
  void back_into_garage_2();
User\motor_1.h(50): warning:  #1295-D: Deprecated declaration cefang_into_garage - give arg types
  void cefang_into_garage();
User\motor_1.h(51): warning:  #1295-D: Deprecated declaration cefang_into_garage2 - give arg types
  void cefang_into_garage2();
User\motor_1.h(55): warning:  #1-D: last line of file ends without a newline
  #endif
.\HardWare\TrackSensor.h(31): warning:  #1-D: last line of file ends without a newline
  #endif
User\main.c: 13 warnings, 0 errors
linking...
Program Size: Code=2984 RO-data=268 RW-data=28 ZI-data=1636  
FromELF: creating hex file...
".\Objects\Project.axf" - 0 Error(s), 13 Warning(s).

<h2>Software Packages used:</h2>

Package Vendor: Keil
                http://www.keil.com/pack/Keil.STM32F1xx_DFP.2.2.0.pack
                Keil.STM32F1xx_DFP.2.2.0
                STMicroelectronics STM32F1 Series Device Support, Drivers and Examples

<h2>Collection of Component include folders:</h2>
  D:/IDE/Keil_v5/ARM/PACK/Keil/STM32F1xx_DFP/2.2.0/Device/Include

<h2>Collection of Component Files used:</h2>
Build Time Elapsed:  00:00:00
</pre>
</body>
</html>
